2026-04-25 23:29:22,303 [INFO] User triggered ScheduleAgent.
2026-04-25 23:29:22,305 [INFO] AGENT START: beginning agentic scheduling loop.
2026-04-25 23:29:22,305 [INFO] AGENT PLAN: analysing current schedule for conflicts.
2026-04-25 23:29:22,306 [INFO] AGENT PLAN: detected — Conflict: Morning slot is overloaded (40 min of tasks vs 20 min available).
2026-04-25 23:29:22,306 [INFO] AGENT PLAN: detected — Conflict: 'Morning Walk' (Oreo) and 'Morning Walk' (Marsh) overlap in the Morning slot.
2026-04-25 23:29:22,307 [INFO] AGENT ACT: trying 'Morning Walk' (Oreo) MORNING \u2192 AFTERNOON.
2026-04-25 23:29:22,310 [INFO] AGENT CHECK: conflict resolved — keeping 'Morning Walk' in AFTERNOON.
2026-04-25 23:29:22,310 [INFO] AGENT ACT: trying 'Morning Walk' (Marsh) MORNING \u2192 AFTERNOON.
2026-04-25 23:29:22,311 [INFO] AGENT CHECK: still conflicted after move — reverting.
2026-04-25 23:29:22,311 [INFO] AGENT ACT: trying 'Morning Walk' (Marsh) MORNING \u2192 EVENING.
2026-04-25 23:29:22,311 [INFO] AGENT CHECK: conflict resolved — keeping 'Morning Walk' in EVENING.
2026-04-25 23:29:22,311 [INFO] AGENT END: schedule is clean. 2 change(s) made.
2026-04-25 23:32:52,305 [INFO] User triggered ScheduleAgent.
2026-04-25 23:32:52,305 [INFO] AGENT START: beginning agentic scheduling loop.
2026-04-25 23:32:52,306 [INFO] AGENT PLAN: analysing current schedule for conflicts.
2026-04-25 23:32:52,306 [INFO] AGENT PLAN: detected — Conflict: Morning slot is overloaded (60 min of tasks vs 20 min available).
2026-04-25 23:32:52,307 [INFO] AGENT PLAN: detected — Conflict: 'Morning Walk' (Oreo) and 'Morning Walk' (Marsh) overlap in the Morning slot.
2026-04-25 23:32:52,307 [INFO] AGENT PLAN: detected — Conflict: 'Morning Walk' (Oreo) and 'Morning Walk' (Marsh) overlap in the Morning slot.
2026-04-25 23:32:52,307 [INFO] AGENT ACT: trying 'Morning Walk' (Oreo) MORNING \u2192 AFTERNOON.
2026-04-25 23:32:52,307 [INFO] AGENT CHECK: still conflicted after move — reverting.
2026-04-25 23:32:52,307 [INFO] AGENT ACT: trying 'Morning Walk' (Oreo) MORNING \u2192 EVENING.
2026-04-25 23:32:52,309 [INFO] AGENT CHECK: still conflicted after move — reverting.
2026-04-25 23:32:52,309 [INFO] AGENT ACT: trying 'Morning Walk' (Oreo) MORNING \u2192 ANY.
2026-04-25 23:32:52,310 [INFO] AGENT CHECK: still conflicted after move — reverting.
2026-04-25 23:32:52,310 [INFO] AGENT ACT: could not resolve conflict for 'Morning Walk' (Oreo) — no free slot found.
2026-04-25 23:32:52,310 [INFO] AGENT ACT: trying 'Morning Walk' (Oreo) MORNING \u2192 AFTERNOON.
2026-04-25 23:32:52,311 [INFO] AGENT CHECK: still conflicted after move — reverting.
2026-04-25 23:32:52,311 [INFO] AGENT ACT: trying 'Morning Walk' (Oreo) MORNING \u2192 EVENING.
2026-04-25 23:32:52,312 [INFO] AGENT CHECK: still conflicted after move — reverting.
2026-04-25 23:32:52,312 [INFO] AGENT ACT: trying 'Morning Walk' (Oreo) MORNING \u2192 ANY.
2026-04-25 23:32:52,312 [INFO] AGENT CHECK: still conflicted after move — reverting.
2026-04-25 23:32:52,313 [INFO] AGENT ACT: could not resolve conflict for 'Morning Walk' (Oreo) — no free slot found.
2026-04-25 23:32:52,313 [INFO] AGENT ACT: trying 'Morning Walk' (Marsh) MORNING \u2192 AFTERNOON.
2026-04-25 23:32:52,313 [INFO] AGENT CHECK: still conflicted after move — reverting.
2026-04-25 23:32:52,314 [INFO] AGENT ACT: trying 'Morning Walk' (Marsh) MORNING \u2192 EVENING.
2026-04-25 23:32:52,314 [INFO] AGENT CHECK: still conflicted after move — reverting.
2026-04-25 23:32:52,314 [INFO] AGENT ACT: trying 'Morning Walk' (Marsh) MORNING \u2192 ANY.
2026-04-25 23:32:52,315 [INFO] AGENT CHECK: still conflicted after move — reverting.
2026-04-25 23:32:52,315 [INFO] AGENT ACT: could not resolve conflict for 'Morning Walk' (Marsh) — no free slot found.
2026-04-25 23:32:52,315 [INFO] AGENT END: some conflicts remain. 0 change(s) made.
2026-04-25 23:33:39,476 [INFO] User triggered ScheduleAgent.
2026-04-25 23:33:39,476 [INFO] AGENT START: beginning agentic scheduling loop.
2026-04-25 23:33:39,477 [INFO] AGENT PLAN: analysing current schedule for conflicts.
2026-04-25 23:33:39,477 [INFO] AGENT PLAN: detected — Conflict: Morning slot is overloaded (40 min of tasks vs 20 min available).
2026-04-25 23:33:39,478 [INFO] AGENT PLAN: detected — Conflict: 'Morning Walk' (oreo) and 'Morning Walk' (Marsh) overlap in the Morning slot.
2026-04-25 23:33:39,478 [INFO] AGENT ACT: trying 'Morning Walk' (oreo) MORNING \u2192 AFTERNOON.
2026-04-25 23:33:39,479 [INFO] AGENT CHECK: conflict resolved — keeping 'Morning Walk' in AFTERNOON.
2026-04-25 23:33:39,479 [INFO] AGENT ACT: schedule is conflict-free — no further moves needed.
2026-04-25 23:33:39,479 [INFO] AGENT END: schedule is clean. 1 change(s) made.
2026-04-25 23:39:39,208 [INFO] User triggered ScheduleAgent.
2026-04-25 23:39:39,215 [INFO] AGENT START: beginning agentic scheduling loop.
2026-04-25 23:39:39,215 [INFO] AGENT PLAN: analysing current schedule for conflicts.
2026-04-25 23:39:39,215 [INFO] AGENT PLAN: detected — Conflict: Morning slot is overloaded (40 min of tasks vs 20 min available).
2026-04-25 23:39:39,215 [INFO] AGENT PLAN: detected — Conflict: 'Morning Walk' (oreo) and 'Morning Walk' (marsh) overlap in the Morning slot.
2026-04-25 23:39:39,215 [INFO] AGENT ACT: trying 'Morning Walk' (oreo) MORNING \u2192 AFTERNOON.
2026-04-25 23:39:39,216 [INFO] AGENT CHECK: conflict resolved — keeping 'Morning Walk' in AFTERNOON.
2026-04-25 23:39:39,217 [INFO] AGENT ACT: schedule is conflict-free — no further moves needed.
2026-04-25 23:39:39,217 [INFO] AGENT END: schedule is clean. 1 change(s) made.
2026-04-25 23:39:39,217 [INFO] AGENT CONFIDENCE: 0.9
2026-04-25 23:39:39,232 [INFO] AGENT START: beginning agentic scheduling loop.
2026-04-25 23:39:39,233 [INFO] AGENT PLAN: analysing current schedule for conflicts.
2026-04-25 23:39:39,233 [INFO] AGENT PLAN: no conflicts found — nothing to fix.
2026-04-25 23:39:39,234 [INFO] AGENT ACT: no action needed.
2026-04-25 23:39:39,234 [INFO] AGENT END: schedule is clean. 0 change(s) made.
2026-04-25 23:39:39,235 [INFO] AGENT START: beginning agentic scheduling loop.
2026-04-25 23:39:39,235 [INFO] AGENT PLAN: analysing current schedule for conflicts.
2026-04-25 23:39:39,236 [INFO] AGENT PLAN: detected — Conflict: 'DogMorning' (Buddy) and 'CatMorning' (Whiskers) overlap in the Morning slot.
2026-04-25 23:39:39,236 [INFO] AGENT END: some conflicts remain. 0 change(s) made.
2026-04-25 23:39:39,236 [INFO] AGENT CONFIDENCE: 0.1
2026-04-25 23:39:39,240 [INFO] AGENT PLAN: analysing current schedule for conflicts.
2026-04-25 23:39:39,240 [INFO] AGENT PLAN: detected — Conflict: 'DogMorning' (Buddy) and 'CatMorning' (Whiskers) overlap in the Morning slot.
2026-04-25 23:39:39,241 [INFO] AGENT START: beginning agentic scheduling loop.
2026-04-25 23:39:39,242 [INFO] AGENT PLAN: analysing current schedule for conflicts.
2026-04-25 23:39:39,242 [INFO] AGENT PLAN: detected — Conflict: 'DogMorning' (Buddy) and 'CatMorning' (Whiskers) overlap in the Morning slot.
2026-04-25 23:39:39,243 [INFO] AGENT END: some conflicts remain. 0 change(s) made.
2026-04-25 23:39:39,244 [INFO] AGENT START: beginning agentic scheduling loop.
2026-04-25 23:39:39,245 [INFO] AGENT PLAN: analysing current schedule for conflicts.
2026-04-25 23:39:39,245 [INFO] AGENT PLAN: no conflicts found — nothing to fix.
2026-04-25 23:39:39,245 [INFO] AGENT ACT: no action needed.
2026-04-25 23:39:39,245 [INFO] AGENT END: schedule is clean. 0 change(s) made.
2026-04-25 23:39:39,246 [INFO] AGENT START: beginning agentic scheduling loop.
2026-04-25 23:39:39,246 [INFO] AGENT PLAN: analysing current schedule for conflicts.
2026-04-25 23:39:39,247 [INFO] AGENT PLAN: detected — Conflict: 'DogMorning' (Buddy) and 'CatMorning' (Whiskers) overlap in the Morning slot.
2026-04-25 23:39:39,247 [INFO] AGENT END: some conflicts remain. 0 change(s) made.
2026-04-25 23:39:39,249 [INFO] TEST SUMMARY: 16 out of 19 tests passed. 3 test(s) failed — check pawpal.log for details.
2026-04-25 23:39:39,252 [INFO] Reliability report shown: 16 out of 19 tests passed. 3 test(s) failed — check pawpal.log for details.
2026-04-25 23:42:01,958 [INFO] User triggered ScheduleAgent.
2026-04-25 23:42:01,959 [INFO] AGENT START: beginning agentic scheduling loop.
2026-04-25 23:42:01,959 [INFO] AGENT PLAN: analysing current schedule for conflicts.
2026-04-25 23:42:01,960 [INFO] AGENT PLAN: detected — Conflict: Morning slot is overloaded (40 min of tasks vs 20 min available).
2026-04-25 23:42:01,961 [INFO] AGENT PLAN: detected — Conflict: 'Morning Walk' (oreo) and 'Morning Walk' (marsh) overlap in the Morning slot.
2026-04-25 23:42:01,962 [INFO] AGENT ACT: trying 'Morning Walk' (oreo) MORNING \u2192 AFTERNOON.
2026-04-25 23:42:01,963 [INFO] AGENT CHECK: conflict resolved — keeping 'Morning Walk' in AFTERNOON.
2026-04-25 23:42:01,963 [INFO] AGENT ACT: schedule is conflict-free — no further moves needed.
2026-04-25 23:42:01,964 [INFO] AGENT END: schedule is clean. 1 change(s) made.
2026-04-25 23:42:01,964 [INFO] AGENT CONFIDENCE: 0.9
2026-04-25 23:42:01,983 [INFO] AGENT START: beginning agentic scheduling loop.
2026-04-25 23:42:01,984 [INFO] AGENT PLAN: analysing current schedule for conflicts.
2026-04-25 23:42:01,984 [INFO] AGENT PLAN: no conflicts found — nothing to fix.
2026-04-25 23:42:01,985 [INFO] AGENT ACT: no action needed.
2026-04-25 23:42:01,985 [INFO] AGENT END: schedule is clean. 0 change(s) made.
2026-04-25 23:42:01,985 [INFO] AGENT START: beginning agentic scheduling loop.
2026-04-25 23:42:01,986 [INFO] AGENT PLAN: analysing current schedule for conflicts.
2026-04-25 23:42:01,986 [INFO] AGENT PLAN: detected — Conflict: 'DogMorning' (Buddy) and 'CatMorning' (Whiskers) overlap in the Morning slot.
2026-04-25 23:42:01,987 [INFO] AGENT ACT: trying 'DogMorning' (Buddy) MORNING \u2192 AFTERNOON.
2026-04-25 23:42:01,987 [INFO] AGENT CHECK: conflict resolved — keeping 'DogMorning' in AFTERNOON.
2026-04-25 23:42:01,988 [INFO] AGENT ACT: schedule is conflict-free — no further moves needed.
2026-04-25 23:42:01,988 [INFO] AGENT END: schedule is clean. 1 change(s) made.
2026-04-25 23:42:01,989 [INFO] AGENT CONFIDENCE: 0.9
2026-04-25 23:42:01,990 [INFO] AGENT PLAN: analysing current schedule for conflicts.
2026-04-25 23:42:01,990 [INFO] AGENT PLAN: detected — Conflict: 'DogMorning' (Buddy) and 'CatMorning' (Whiskers) overlap in the Morning slot.
2026-04-25 23:42:01,991 [INFO] AGENT START: beginning agentic scheduling loop.
2026-04-25 23:42:01,991 [INFO] AGENT PLAN: analysing current schedule for conflicts.
2026-04-25 23:42:01,991 [INFO] AGENT PLAN: detected — Conflict: 'DogMorning' (Buddy) and 'CatMorning' (Whiskers) overlap in the Morning slot.
2026-04-25 23:42:01,991 [INFO] AGENT ACT: trying 'DogMorning' (Buddy) MORNING \u2192 AFTERNOON.
2026-04-25 23:42:01,992 [INFO] AGENT CHECK: conflict resolved — keeping 'DogMorning' in AFTERNOON.
2026-04-25 23:42:01,992 [INFO] AGENT ACT: schedule is conflict-free — no further moves needed.
2026-04-25 23:42:01,993 [INFO] AGENT END: schedule is clean. 1 change(s) made.
2026-04-25 23:42:01,993 [INFO] AGENT START: beginning agentic scheduling loop.
2026-04-25 23:42:01,993 [INFO] AGENT PLAN: analysing current schedule for conflicts.
2026-04-25 23:42:01,994 [INFO] AGENT PLAN: no conflicts found — nothing to fix.
2026-04-25 23:42:01,994 [INFO] AGENT ACT: no action needed.
2026-04-25 23:42:01,994 [INFO] AGENT END: schedule is clean. 0 change(s) made.
2026-04-25 23:42:01,996 [INFO] AGENT START: beginning agentic scheduling loop.
2026-04-25 23:42:01,996 [INFO] AGENT PLAN: analysing current schedule for conflicts.
2026-04-25 23:42:01,996 [INFO] AGENT PLAN: detected — Conflict: 'DogMorning' (Buddy) and 'CatMorning' (Whiskers) overlap in the Morning slot.
2026-04-25 23:42:01,997 [INFO] AGENT ACT: trying 'DogMorning' (Buddy) MORNING \u2192 AFTERNOON.
2026-04-25 23:42:01,997 [INFO] AGENT CHECK: conflict resolved — keeping 'DogMorning' in AFTERNOON.
2026-04-25 23:42:01,998 [INFO] AGENT ACT: schedule is conflict-free — no further moves needed.
2026-04-25 23:42:01,998 [INFO] AGENT END: schedule is clean. 1 change(s) made.
2026-04-25 23:42:01,999 [INFO] TEST SUMMARY: 18 out of 19 tests passed. 1 test(s) failed — check pawpal.log for details.
2026-04-25 23:42:02,001 [INFO] Reliability report shown: 18 out of 19 tests passed. 1 test(s) failed — check pawpal.log for details.
2026-04-25 23:46:11,529 [INFO] User triggered ScheduleAgent.
2026-04-25 23:46:11,532 [INFO] AGENT START: beginning agentic scheduling loop.
2026-04-25 23:46:11,534 [INFO] AGENT PLAN: analysing current schedule for conflicts.
2026-04-25 23:46:11,534 [INFO] AGENT PLAN: detected — Conflict: Morning slot is overloaded (40 min of tasks vs 20 min available).
2026-04-25 23:46:11,534 [INFO] AGENT PLAN: detected — Conflict: 'Morning Walk' (Oreo) and 'Morning Walk' (Hunger) overlap in the Morning slot.
2026-04-25 23:46:11,539 [INFO] AGENT ACT: trying 'Morning Walk' (Oreo) MORNING \u2192 AFTERNOON.
2026-04-25 23:46:11,542 [INFO] AGENT CHECK: conflict resolved — keeping 'Morning Walk' in AFTERNOON.
2026-04-25 23:46:11,542 [INFO] AGENT ACT: schedule is conflict-free — no further moves needed.
2026-04-25 23:46:11,542 [INFO] AGENT END: schedule is clean. 1 change(s) made.
2026-04-25 23:46:11,544 [INFO] AGENT CONFIDENCE: 0.9
2026-04-25 23:46:11,560 [INFO] AGENT START: beginning agentic scheduling loop.
2026-04-25 23:46:11,560 [INFO] AGENT PLAN: analysing current schedule for conflicts.
2026-04-25 23:46:11,561 [INFO] AGENT PLAN: no conflicts found — nothing to fix.
2026-04-25 23:46:11,561 [INFO] AGENT ACT: no action needed.
2026-04-25 23:46:11,561 [INFO] AGENT END: schedule is clean. 0 change(s) made.
2026-04-25 23:46:11,562 [INFO] AGENT START: beginning agentic scheduling loop.
2026-04-25 23:46:11,562 [INFO] AGENT PLAN: analysing current schedule for conflicts.
2026-04-25 23:46:11,562 [INFO] AGENT PLAN: detected — Conflict: 'DogMorning' (Buddy) and 'CatMorning' (Whiskers) overlap in the Morning slot.
2026-04-25 23:46:11,563 [INFO] AGENT ACT: trying 'DogMorning' (Buddy) MORNING \u2192 AFTERNOON.
2026-04-25 23:46:11,563 [INFO] AGENT CHECK: conflict resolved — keeping 'DogMorning' in AFTERNOON.
2026-04-25 23:46:11,563 [INFO] AGENT ACT: schedule is conflict-free — no further moves needed.
2026-04-25 23:46:11,564 [INFO] AGENT END: schedule is clean. 1 change(s) made.
2026-04-25 23:46:11,564 [INFO] AGENT CONFIDENCE: 0.9
2026-04-25 23:46:11,568 [INFO] AGENT PLAN: analysing current schedule for conflicts.
2026-04-25 23:46:11,568 [INFO] AGENT PLAN: detected — Conflict: 'DogMorning' (Buddy) and 'CatMorning' (Whiskers) overlap in the Morning slot.
2026-04-25 23:46:11,568 [INFO] AGENT START: beginning agentic scheduling loop.
2026-04-25 23:46:11,569 [INFO] AGENT PLAN: analysing current schedule for conflicts.
2026-04-25 23:46:11,569 [INFO] AGENT PLAN: detected — Conflict: 'DogMorning' (Buddy) and 'CatMorning' (Whiskers) overlap in the Morning slot.
2026-04-25 23:46:11,570 [INFO] AGENT ACT: trying 'DogMorning' (Buddy) MORNING \u2192 AFTERNOON.
2026-04-25 23:46:11,570 [INFO] AGENT CHECK: conflict resolved — keeping 'DogMorning' in AFTERNOON.
2026-04-25 23:46:11,571 [INFO] AGENT ACT: schedule is conflict-free — no further moves needed.
2026-04-25 23:46:11,571 [INFO] AGENT END: schedule is clean. 1 change(s) made.
2026-04-25 23:46:11,572 [INFO] AGENT START: beginning agentic scheduling loop.
2026-04-25 23:46:11,572 [INFO] AGENT PLAN: analysing current schedule for conflicts.
2026-04-25 23:46:11,572 [INFO] AGENT PLAN: no conflicts found — nothing to fix.
2026-04-25 23:46:11,574 [INFO] AGENT ACT: no action needed.
2026-04-25 23:46:11,574 [INFO] AGENT END: schedule is clean. 0 change(s) made.
2026-04-25 23:46:11,574 [INFO] AGENT START: beginning agentic scheduling loop.
2026-04-25 23:46:11,574 [INFO] AGENT PLAN: analysing current schedule for conflicts.
2026-04-25 23:46:11,575 [INFO] AGENT PLAN: detected — Conflict: 'DogMorning' (Buddy) and 'CatMorning' (Whiskers) overlap in the Morning slot.
2026-04-25 23:46:11,575 [INFO] AGENT ACT: trying 'DogMorning' (Buddy) MORNING \u2192 AFTERNOON.
2026-04-25 23:46:11,576 [INFO] AGENT CHECK: conflict resolved — keeping 'DogMorning' in AFTERNOON.
2026-04-25 23:46:11,576 [INFO] AGENT ACT: schedule is conflict-free — no further moves needed.
2026-04-25 23:46:11,577 [INFO] AGENT END: schedule is clean. 1 change(s) made.
2026-04-25 23:46:11,577 [INFO] TEST SUMMARY: 18 out of 19 tests passed. Failed: test_agent_confidence_perfect.
2026-04-25 23:46:11,580 [INFO] Reliability report shown: 18 out of 19 tests passed. Failed: test_agent_confidence_perfect.
2026-04-25 23:48:09,468 [INFO] User triggered ScheduleAgent.
2026-04-25 23:48:09,468 [INFO] AGENT START: beginning agentic scheduling loop.
2026-04-25 23:48:09,469 [INFO] AGENT PLAN: analysing current schedule for conflicts.
2026-04-25 23:48:09,469 [INFO] AGENT PLAN: detected — Conflict: Morning slot is overloaded (40 min of tasks vs 20 min available).
2026-04-25 23:48:09,469 [INFO] AGENT PLAN: detected — Conflict: 'Morning Walk' (oreo) and 'Morning Walk' (orange) overlap in the Morning slot.
2026-04-25 23:48:09,470 [INFO] AGENT ACT: trying 'Morning Walk' (oreo) MORNING \u2192 AFTERNOON.
2026-04-25 23:48:09,470 [INFO] AGENT CHECK: conflict resolved — keeping 'Morning Walk' in AFTERNOON.
2026-04-25 23:48:09,471 [INFO] AGENT ACT: schedule is conflict-free — no further moves needed.
2026-04-25 23:48:09,471 [INFO] AGENT END: schedule is clean. 1 change(s) made.
2026-04-25 23:48:09,472 [INFO] AGENT CONFIDENCE: 1.0
2026-04-25 23:48:09,486 [INFO] AGENT START: beginning agentic scheduling loop.
2026-04-25 23:48:09,486 [INFO] AGENT PLAN: analysing current schedule for conflicts.
2026-04-25 23:48:09,486 [INFO] AGENT PLAN: no conflicts found — nothing to fix.
2026-04-25 23:48:09,488 [INFO] AGENT ACT: no action needed.
2026-04-25 23:48:09,488 [INFO] AGENT END: schedule is clean. 0 change(s) made.
2026-04-25 23:48:09,488 [INFO] AGENT START: beginning agentic scheduling loop.
2026-04-25 23:48:09,489 [INFO] AGENT PLAN: analysing current schedule for conflicts.
2026-04-25 23:48:09,489 [INFO] AGENT PLAN: detected — Conflict: 'DogMorning' (Buddy) and 'CatMorning' (Whiskers) overlap in the Morning slot.
2026-04-25 23:48:09,490 [INFO] AGENT ACT: trying 'DogMorning' (Buddy) MORNING \u2192 AFTERNOON.
2026-04-25 23:48:09,490 [INFO] AGENT CHECK: conflict resolved — keeping 'DogMorning' in AFTERNOON.
2026-04-25 23:48:09,491 [INFO] AGENT ACT: schedule is conflict-free — no further moves needed.
2026-04-25 23:48:09,491 [INFO] AGENT END: schedule is clean. 1 change(s) made.
2026-04-25 23:48:09,492 [INFO] AGENT CONFIDENCE: 1.0
2026-04-25 23:48:09,492 [INFO] AGENT PLAN: analysing current schedule for conflicts.
2026-04-25 23:48:09,493 [INFO] AGENT PLAN: detected — Conflict: 'DogMorning' (Buddy) and 'CatMorning' (Whiskers) overlap in the Morning slot.
2026-04-25 23:48:09,493 [INFO] AGENT START: beginning agentic scheduling loop.
2026-04-25 23:48:09,493 [INFO] AGENT PLAN: analysing current schedule for conflicts.
2026-04-25 23:48:09,494 [INFO] AGENT PLAN: detected — Conflict: 'DogMorning' (Buddy) and 'CatMorning' (Whiskers) overlap in the Morning slot.
2026-04-25 23:48:09,494 [INFO] AGENT ACT: trying 'DogMorning' (Buddy) MORNING \u2192 AFTERNOON.
2026-04-25 23:48:09,494 [INFO] AGENT CHECK: conflict resolved — keeping 'DogMorning' in AFTERNOON.
2026-04-25 23:48:09,494 [INFO] AGENT ACT: schedule is conflict-free — no further moves needed.
2026-04-25 23:48:09,494 [INFO] AGENT END: schedule is clean. 1 change(s) made.
2026-04-25 23:48:09,494 [INFO] AGENT START: beginning agentic scheduling loop.
2026-04-25 23:48:09,494 [INFO] AGENT PLAN: analysing current schedule for conflicts.
2026-04-25 23:48:09,495 [INFO] AGENT PLAN: no conflicts found — nothing to fix.
2026-04-25 23:48:09,495 [INFO] AGENT ACT: no action needed.
2026-04-25 23:48:09,495 [INFO] AGENT END: schedule is clean. 0 change(s) made.
2026-04-25 23:48:09,495 [INFO] AGENT START: beginning agentic scheduling loop.
2026-04-25 23:48:09,495 [INFO] AGENT PLAN: analysing current schedule for conflicts.
2026-04-25 23:48:09,495 [INFO] AGENT PLAN: detected — Conflict: 'DogMorning' (Buddy) and 'CatMorning' (Whiskers) overlap in the Morning slot.
2026-04-25 23:48:09,496 [INFO] AGENT ACT: trying 'DogMorning' (Buddy) MORNING \u2192 AFTERNOON.
2026-04-25 23:48:09,496 [INFO] AGENT CHECK: conflict resolved — keeping 'DogMorning' in AFTERNOON.
2026-04-25 23:48:09,496 [INFO] AGENT ACT: schedule is conflict-free — no further moves needed.
2026-04-25 23:48:09,496 [INFO] AGENT END: schedule is clean. 1 change(s) made.
2026-04-25 23:48:09,497 [INFO] TEST SUMMARY: 19 out of 19 tests passed. All checks green.
2026-04-25 23:48:09,499 [INFO] Reliability report shown: 19 out of 19 tests passed. All checks green.
